lib/portaudio/docs/index.html
lib/portaudio/docs/pa_impl_guide.html
lib/portaudio/docs/pa_impl_startstop.html
lib/portaudio/docs/pa_tut_asio.html
lib/portaudio/docs/pa_tut_callback.html
lib/portaudio/docs/pa_tut_devs.html
lib/portaudio/docs/pa_tut_explore.html
lib/portaudio/docs/pa_tut_init.html
lib/portaudio/docs/pa_tut_mac.html
lib/portaudio/docs/pa_tut_open.html
lib/portaudio/docs/pa_tut_oss.html
lib/portaudio/docs/pa_tut_over.html
lib/portaudio/docs/pa_tut_pc.html
lib/portaudio/docs/pa_tut_run.html
lib/portaudio/docs/pa_tut_rw.html
lib/portaudio/docs/pa_tut_term.html
lib/portaudio/docs/pa_tut_util.html
lib/portaudio/docs/pa_tutorial.html
lib/portaudio/docs/portaudio_h.txt
lib/portaudio/docs/portaudio_icmc2001.pdf
lib/portaudio/docs/releases.html
lib/portaudio/LICENSE.txt
lib/portaudio/Makefile
lib/portaudio/Makefile.cygwin
lib/portaudio/Makefile.linux
lib/portaudio/README.txt
lib/portaudio/index.html
lib/portaudio/pa_common/pa_host.h
lib/portaudio/pa_common/pa_lib.c
lib/portaudio/pa_common/pa_trace.c
lib/portaudio/pa_common/pa_trace.h
lib/portaudio/pa_common/portaudio.h
lib/portaudio/pa_mac/pa_mac.c
lib/portaudio/pa_mac/patest_devinfo.c
lib/portaudio/pa_tests/debug_dual.c
lib/portaudio/pa_tests/debug_multi_in.c
lib/portaudio/pa_tests/debug_multi_out.c
lib/portaudio/pa_tests/debug_record.c
lib/portaudio/pa_tests/debug_sine.c
lib/portaudio/pa_tests/debug_test1.c
lib/portaudio/pa_tests/pa_devs.c
lib/portaudio/pa_tests/pa_fuzz.c
lib/portaudio/pa_tests/pa_minlat.c
lib/portaudio/pa_tests/paqa_devs.c
lib/portaudio/pa_tests/paqa_errs.c
lib/portaudio/pa_tests/patest1.c
lib/portaudio/pa_tests/patest_clip.c
lib/portaudio/pa_tests/patest_dither.c
lib/portaudio/pa_tests/patest_latency.c
lib/portaudio/pa_tests/patest_leftright.c
lib/portaudio/pa_tests/patest_longsine.c
lib/portaudio/pa_tests/patest_many.c
lib/portaudio/pa_tests/patest_maxsines.c
lib/portaudio/pa_tests/patest_pink.c
lib/portaudio/pa_tests/patest_record.c
lib/portaudio/pa_tests/patest_ringmix.c
lib/portaudio/pa_tests/patest_saw.c
lib/portaudio/pa_tests/patest_sine.c
lib/portaudio/pa_tests/patest_sine8.c
lib/portaudio/pa_tests/patest_sine_time.c
lib/portaudio/pa_tests/patest_stop.c
lib/portaudio/pa_tests/patest_sync.c
lib/portaudio/pa_tests/patest_wire.c
lib/portaudio/pa_unix_oss/Makefile
lib/portaudio/pa_unix_oss/Makefile_freebsd
lib/portaudio/pa_unix_oss/pa_unix_oss.c
lib/portaudio/pa_win_ds/dsound_wrapper.c
lib/portaudio/pa_win_ds/dsound_wrapper.h
lib/portaudio/pa_win_ds/pa_dsound.c
lib/portaudio/pa_win_wmme/pa_win_wmme.c
lib/portaudio/pablio/pablio.c
lib/portaudio/pablio/pablio.h
lib/portaudio/pablio/ringbuffer.c
lib/portaudio/pablio/ringbuffer.h
lib/portaudio/pablio/test_rw.c
lib/portaudio/pablio/test_rw_echo.c
lib/portaudio/pablio/test_w_saw.c
lib/portaudio/pablio/test_w_saw8.c
lib/portaudio/Makefile.mingw32
